* No header

Text.

* No header

=== Header 1

    * Bullet point 1
        * Bullet point 1.1
        * Bullet point 1.2
            * Bullet point 1.2.1
        * Bullet point 1.3
    * Bullet point 2
        * Bullet point 2.1
          Bullet point 2.1
          Bullet point 2.1
        * Bullet point 2.2
    * Bullet point 3
        * Bullet point 3.1
          Bullet point 3.1
            * Bullet point 3.1.1
        * Bullet point 3.2
    * Bullet point 4
        * Bullet point 4.1
            * Bullet point 4.1.1
    * Bullet point 5
