=== Header 1

    Header 1 body text.

    === Header 1.1

        Header 1.1 body text.

=== Header 2

    Header 2 body text.
